---
source: tui/src/bottom_pane/chat_composer.rs
assertion_line: 3281
expression: terminal.backend()
---
"                          "
"› Ask Codex to do anythin "
"                          "
"                          "
"                          "
"                          "
"                          "
"                          "
"       100% context left  "
